PS C:\Users\Madhuri\Downloads\getting-started-master> cd getting-started-master
PS C:\Users\Madhuri\Downloads\getting-started-master\getting-started-master> cd app
PS C:\Users\Madhuri\Downloads\getting-started-master\getting-started-master\app> docker build -t getting-started .             
[+] Building 18.1s (15/15) FINISHED
 => [internal] load build definition from Dockerfile                                                                                                          
 => => transferring dockerfile: 214B                                                                                                                          
 => [internal] load .dockerignore                                                                                                                             
 => => transferring context: 2B                                                                                                                               
 => resolve image config for docker.io/docker/dockerfile:1                                                                                                    
 => [auth] docker/dockerfile:pull token for registry-1.docker.io                                                                                              
 => CACHED docker-image://docker.io/docker/dockerfile:1@sha256:42399d4635eddd7a9b8a24be879d2f9a930d0ed040a61324cfdf59ef1357b3b2                               
 => [internal] load build definition from Dockerfile                                                                                                          
 => [internal] load .dockerignore                                                                                                                             
 => [internal] load build context                                                                                                                             
 => [1/5] FROM docker.io/library/node:12-alpine                                                                                                               
 => CACHED [2/5] RUN apk add --no-cache python2 g++ make                                                                                                      
 => CACHED [3/5] WORKDIR /app                                                                                                                                 
 => CACHED [4/5] COPY . .                                                                                                                                     
 => CACHED [5/5] RUN yarn install --production                                                                                                                
 => exporting to image                                                                                                                                        
 => => exporting layers                                                                                                                                       
 => => writing image sha256:27d36d27c2f577447d8003435c6de9e2c3fff83c31c4a598f6151b2481b5fd8c                                                                  
 => => naming to docker.io/library/getting-started                                                                                                            
PS C:\Users\Madhuri\Downloads\getting-started-master\getting-started-master\app> docker run -dp 3000:3000 getting-started
774fecac97bd3aeeca990405abadbcb6045b7375af10f9d943a0b5d0541ea1ef
PS C:\Users\Madhuri\Downloads\getting-started-master\getting-started-master\app> docker ps
CONTAINER ID   IMAGE                    COMMAND                  CREATED          STATUS          PORTS                    NAMES
774fecac97bd   getting-started          "docker-entrypoint.s…"   43 seconds ago   Up 37 seconds   0.0.0.0:3000->3000/tcp   compassionate_hawking
9760dc52fffe   prom/prometheus:latest   "/bin/prometheus --c…"   5 minutes ago    Up 5 minutes    9090/tcp                 my-prometheus.1.5d8rgwy1w4nmmd79ars
1aef7cda8cf0   alpine:latest            "ping docker.com"        6 hours ago      Up 6 hours                               ping_service.10.e38p1vue8f1zqdw592j
c7083480c5d9   alpine:latest            "ping docker.com"        6 hours ago      Up 6 hours                               ping_service.9.wojjgxguyeu2ocd9ey8m
cc0ca8406d68   alpine:latest            "ping docker.com"        6 hours ago      Up 6 hours                               ping_service.8.pthh247jcygw5i1m7288
f5c889fa31ea   alpine:latest            "ping docker.com"        6 hours ago      Up 6 hours                               ping_service.5.50mfcnuwrdu71il62p4j
dcd36f002877   alpine:latest            "ping docker.com"        6 hours ago      Up 6 hours                               ping_service.4.bdvgf2eg9kzc3ta5ibmh
68ae8f377c1c   alpine:latest            "ping docker.com"        6 hours ago      Up 6 hours                               ping_service.3.s1i8q2uwgdyh4mr0kzu0
6f85037a57c5   alpine:latest            "ping docker.com"        6 hours ago      Up 6 hours                               ping_service.7.gveksie4ofi7mdb9h2th
103cf52dfc26   alpine:latest            "ping docker.com"        6 hours ago      Up 6 hours                               ping_service.2.s5utlznt4i76j0o9g6o4
1cb6a4fe8ca6   alpine:latest            "ping docker.com"        6 hours ago      Up 6 hours                               ping_service.1.xgtx0gn4cuo3khv2di8r
PS C:\Users\Madhuri\Downloads\getting-started-master\getting-started-master\app> docker run -d `
>> -v todo-mysql-data:/var/lib/mysql `
>> -e MYSQL_ROOT_PASSWORD=secret `
>> -e MYSQL_DATABASE=todos `
>> mysql:5.7
281cd8d522c793229e577bb58a215aad9db3558e206b5d9d6f0216e986fe4d35
docker: Error response from daemon: Could not attach to network todo2-app: rpc error: code = NotFound desc = network todo2-app not found.
PS C:\Users\Madhuri\Downloads\getting-started-master\getting-started-master\app> docker run -d `
>> --network todo-app --network-alias mysql `
>> -v todo-mysql-data:/var/lib/mysql `
>> -e MYSQL_ROOT_PASSWORD=secret `
>> -e MYSQL_DATABASE=todos `
>> mysql:5.7
197dedb8a44c4c022a9176e5cc417f69e0652d44ff69b232468b64c7d276c9f2
PS C:\Users\Madhuri\Downloads\getting-started-master\getting-started-master\app> docker ps  
CONTAINER ID   IMAGE                    COMMAND                  CREATED          STATUS          PORTS                    NAMES
197dedb8a44c   mysql:5.7                "docker-entrypoint.s…"   4 minutes ago    Up 3 minutes    3306/tcp, 33060/tcp      zen_clarke
cc0ca8406d68   alpine:latest            "ping docker.com"        6 hours ago      Up 6 hours                               ping_service.8.pthh247jcygw5i1m7288
2a3d84b53d34   alpine:latest            "ping docker.com"        6 hours ago      Up 6 hours                               ping_service.6.bq8dxk3ia8et0hg6p4wa
f5c889fa31ea   alpine:latest            "ping docker.com"        6 hours ago      Up 6 hours                               ping_service.5.50mfcnuwrdu71il62p4j
dcd36f002877   alpine:latest            "ping docker.com"        6 hours ago      Up 6 hours                               ping_service.4.bdvgf2eg9kzc3ta5ibmh
68ae8f377c1c   alpine:latest            "ping docker.com"        6 hours ago      Up 6 hours                               ping_service.3.s1i8q2uwgdyh4mr0kzu0
6f85037a57c5   alpine:latest            "ping docker.com"        6 hours ago      Up 6 hours                               ping_service.7.gveksie4ofi7mdb9h2th
103cf52dfc26   alpine:latest            "ping docker.com"        6 hours ago      Up 6 hours                               ping_service.2.s5utlznt4i76j0o9g6o4
1cb6a4fe8ca6   alpine:latest            "ping docker.com"        6 hours ago      Up 6 hours                               ping_service.1.xgtx0gn4cuo3khv2di8r
PS C:\Users\Madhuri\Downloads\getting-started-master\getting-started-master\app>
PS C:\Users\Madhuri\Downloads\getting-started-master\getting-started-master\app>
PS C:\Users\Madhuri\Downloads\getting-started-master\getting-started-master\app>
PS C:\Users\Madhuri\Downloads\getting-started-master\getting-started-master\app> docker exec -it 197dedb8a44c mysql -p todos
Enter password: 
Reading table information for completion of table and column names
You can turn off this feature to get a quicker startup with -A

Welcome to the MySQL monitor.  Commands end with ; or \g.
Your MySQL connection id is 2
Server version: 5.7.36 MySQL Community Server (GPL)

Copyright (c) 2000, 2021, Oracle and/or its affiliates.

Oracle is a registered trademark of Oracle Corporation and/or its
affiliates. Other names may be trademarks of their respective
owners.

Type 'help;' or '\h' for help. Type '\c' to clear the current input statement.

mysql> SHOW DATABASES
    -> 
    ->
    -> :
    -> ;
ERROR 1064 (42000): You have an error in your SQL syntax; check the manual that corresponds to your MySQL server version for the right syntax to use near ':' 
mysql> SHOW DATABASES;
+--------------------+
| Database           |
+--------------------+
| information_schema |
| mysql              |
| performance_schema |
| sys                |
| todos              |
+--------------------+
5 rows in set (0.02 sec)

mysql> select * from todo_items;
+--------------------------------------+------+-----------+
| id                                   | name | completed |
+--------------------------------------+------+-----------+
| 61477c13-0690-4fb7-a887-6904ca540e28 | 1    |         0 |
| b631b565-ec1b-4578-94cf-3b4980af5c7c | 12   |         1 |
| c1b15247-4b06-4bdc-808e-d36282af7eb0 | 13   |         0 |
| ebec5aa1-8a74-47ef-886d-62a18e74d732 | 14   |         1 |
| 3eac18ac-5925-4dd2-9c08-0e513cf3a5c0 | 15   |         0 |
| 0950a476-ec09-4111-a96f-a0fdf7547249 | 46   |         1 |
| cfeb8ff1-3b88-4120-885c-cf85f7118862 | 78   |         0 |
+--------------------------------------+------+-----------+

+-----------------+
| Tables_in_todos |
+-----------------+
| todo_items      |
+-----------------+
1 row in set (0.08 sec)
mysql> exit
PS C:\Users\Madhuri\Downloads\getting-started-master\getting-started-master\app> docker run -d `
>> --network todo2-app --network-alias mysql `
>> -v todo-mysql-data:/var/lib/mysql `
>> -e MYSQL_ROOT_PASSWORD=secret `
>> -e MYSQL_DATABASE=todos `
>> mysql:5.7
a1c314d442c18e0acce99f39c281d653ec1a39cef432e6cdf5e83ec84d9b4032
PS C:\Users\Madhuri\Downloads\getting-started-master\getting-started-master\app>




                                                                                 docker ps
CONTAINER ID   IMAGE                    COMMAND                  CREATED          STATUS          PORTS                    NAMES
a1c314d442c1   mysql:5.7                "docker-entrypoint.s…"   44 seconds ago   Up 37 seconds   3306/tcp, 33060/tcp      quizzical_nightingale
197dedb8a44c   mysql:5.7                "docker-entrypoint.s…"   10 minutes ago   Up 10 minutes   3306/tcp, 33060/tcp      zen_clarke
774fecac97bd   getting-started          "docker-entrypoint.s…"   16 minutes ago   Up 16 minutes   0.0.0.0:3000->3000/tcp   compassionate_hawking
9760dc52fffe   prom/prometheus:latest   "/bin/prometheus --c…"   20 minutes ago   Up 20 minutes   9090/tcp                 my-prometheus.1.5d8rgwy1w4nmmd79ars5cx5z5
1aef7cda8cf0   alpine:latest            "ping docker.com"        7 hours ago      Up 7 hours                               ping_service.10.e38p1vue8f1zqdw592jv0c74f
c7083480c5d9   alpine:latest            "ping docker.com"        7 hours ago      Up 7 hours                               ping_service.9.wojjgxguyeu2ocd9ey8m033li
cc0ca8406d68   alpine:latest            "ping docker.com"        7 hours ago      Up 7 hours                               ping_service.8.pthh247jcygw5i1m7288x70la
2a3d84b53d34   alpine:latest            "ping docker.com"        7 hours ago      Up 7 hours                               ping_service.6.bq8dxk3ia8et0hg6p4wa8ov0r
dcd36f002877   alpine:latest            "ping docker.com"        7 hours ago      Up 7 hours                               ping_service.4.bdvgf2eg9kzc3ta5ibmhf0ulo
68ae8f377c1c   alpine:latest            "ping docker.com"        7 hours ago      Up 7 hours                               ping_service.3.s1i8q2uwgdyh4mr0kzu0hqwwu
6f85037a57c5   alpine:latest            "ping docker.com"        7 hours ago      Up 7 hours                               ping_service.7.gveksie4ofi7mdb9h2th103cf52dfc26   alpine:latest            "ping docker.com"        7 hours ago      Up 7 hours                               ping_service.2.s5utlznt4i76j0o9g6o41cb6a4fe8ca6   alpine:latest            "ping docker.com"        7 hours ago      Up 7 hours                               ping_service.1.xgtx0gn4cuo3khv2di8rPS C:\Users\Madhuri\Downloads\getting-started-master\getting-started-master\app>
PS C:\Users\Madhuri\Downloads\getting-started-master\getting-started-master\app> docker exec -it a1c314d442c1  mysql -p todos
Enter password: 
ERROR 2002 (HY000): Can't connect to local MySQL server through socket '/var/run/mysqld/mysqld.sock' (2)
PS C:\Users\Madhuri\Downloads\getting-started-master\getting-started-master\app> docker exec -it a1c314d442c1  mysql -p todos
Error response from daemon: Container a1c314d442c18e0acce99f39c281d653ec1a39cef432e6cdf5e83ec84d9b4032 is not running
PS C:\Users\Madhuri\Downloads\getting-started-master\getting-started-master\app> docker exec -it a1c314d442c1  mysql -u root -p
Error response from daemon: Container a1c314d442c18e0acce99f39c281d653ec1a39cef432e6cdf5e83ec84d9b4032 is not running
PS C:\Users\Madhuri\Downloads\getting-started-master\getting-started-master\app> docker exec -it a1c314d442c1  mysql -u root -p todos
Error response from daemon: Container a1c314d442c18e0acce99f39c281d653ec1a39cef432e6cdf5e83ec84d9b4032 is not running
PS C:\Users\Madhuri\Downloads\getting-started-master\getting-started-master\app> docker exec -it a1c314d442c1  mysql -p todos        
Error response from daemon: Container a1c314d442c18e0acce99f39c281d653ec1a39cef432e6cdf5e83ec84d9b4032 is not running
PS C:\Users\Madhuri\Downloads\getting-started-master\getting-started-master\app> docker exec -it a1c314d442c1  mysql -p todos
Enter password: 
Reading table information for completion of table and column names
You can turn off this feature to get a quicker startup with -A

Welcome to the MySQL monitor.  Commands end with ; or \g.
Your MySQL connection id is 2
Server version: 5.7.36 MySQL Community Server (GPL)

Copyright (c) 2000, 2021, Oracle and/or its affiliates.

Oracle is a registered trademark of Oracle Corporation and/or its
affiliates. Other names may be trademarks of their respective
owners.

Type 'help;' or '\h' for help. Type '\c' to clear the current input statement.

mysql> SHOW DATABASES;
+--------------------+
+--------------------+
| information_schema |
| mysql              |
| performance_schema |
| sys                |
| todos              |
+--------------------+
5 rows in set (0.01 sec)

mysql> exit
Bye
PS C:\Users\Madhuri\Downloads\getting-started-master\getting-started-master\app> docker run -it --network todo2-app nicolaka/netshoot
                    dP            dP                           dP   
                    88            88                           88
88d888b. .d8888b. d8888P .d8888b. 88d888b. .d8888b. .d8888b. d8888P
88'  `88 88ooood8   88   Y8ooooo. 88'  `88 88'  `88 88'  `88   88
88    88 88.  ...   88         88 88    88 88.  .88 88.  .88   88
dP    dP `88888P'   dP   `88888P' dP    dP `88888P' `88888P'   dP

Welcome to Netshoot! (github.com/nicolaka/netshoot)



 b8830ea59317  ~  dig mysql

; <<>> DiG 9.16.22 <<>> mysql
;; global options: +cmd
;; Got answer:
;; ->>HEADER<<- opcode: QUERY, status: NOERROR, id: 49911
;; flags: qr rd ra; QUERY: 1, ANSWER: 1, AUTHORITY: 0, ADDITIONAL: 0

;; QUESTION SECTION:

;; ANSWER SECTION:
mysql.                  600     IN      A       172.20.0.2

;; Query time: 30 msec
;; SERVER: 127.0.0.11#53(127.0.0.11)
;; WHEN: Thu Jan 20 10:26:36 UTC 2022
;; MSG SIZE  rcvd: 44


 b8830ea59317  ~  exit
PS C:\Users\Madhuri\Downloads\getting-started-master\getting-started-master\app> docker ps
CONTAINER ID   IMAGE                    COMMAND                  CREATED          STATUS          PORTS                    NAMES
a1c314d442c1   mysql:5.7                "docker-entrypoint.s…"   6 minutes ago    Up 2 minutes    3306/tcp, 33060/tcp      quizzical_nightingale
774fecac97bd   getting-started          "docker-entrypoint.s…"   22 minutes ago   Up 22 minutes   0.0.0.0:3000->3000/tcp   compassionate_hawking
9760dc52fffe   prom/prometheus:latest   "/bin/prometheus --c…"   27 minutes ago   Up 26 minutes   9090/tcp                 my-prometheus.1.5d8rgwy1w4nmmd79ars5cx5z5
1aef7cda8cf0   alpine:latest            "ping docker.com"        7 hours ago      Up 7 hours                               ping_service.10.e38p1vue8f1zqdw592jv0c74f
c7083480c5d9   alpine:latest            "ping docker.com"        7 hours ago      Up 7 hours                               ping_service.9.wojjgxguyeu2ocd9ey8m033li
cc0ca8406d68   alpine:latest            "ping docker.com"        7 hours ago      Up 7 hours                               ping_service.8.pthh247jcygw5i1m7288x70la
2a3d84b53d34   alpine:latest            "ping docker.com"        7 hours ago      Up 7 hours                               ping_service.6.bq8dxk3ia8et0hg6p4wa8ov0r
mji31
dcd36f002877   alpine:latest            "ping docker.com"        7 hours ago      Up 7 hours                               ping_service.4.bdvgf2eg9kzc3ta5ibmhf0ulo
68ae8f377c1c   alpine:latest            "ping docker.com"        7 hours ago      Up 7 hours                               ping_service.3.s1i8q2uwgdyh4mr0kzu0hqwwu
6f85037a57c5   alpine:latest            "ping docker.com"        7 hours ago      Up 7 hours                               ping_service.7.gveksie4ofi7mdb9h2thwqvs7
103cf52dfc26   alpine:latest            "ping docker.com"        7 hours ago      Up 7 hours                               ping_service.2.s5utlznt4i76j0o9g6o43uuiu
1cb6a4fe8ca6   alpine:latest            "ping docker.com"        7 hours ago      Up 7 hours                               ping_service.1.xgtx0gn4cuo3khv2di8rj8dgg
PS C:\Users\Madhuri\Downloads\getting-started-master\getting-started-master\app> docker exec -it a1c314d442c1  mysql -p todos        
Enter password: 
Reading table information for completion of table and column names
You can turn off this feature to get a quicker startup with -A

Welcome to the MySQL monitor.  Commands end with ; or \g.
Your MySQL connection id is 3
Server version: 5.7.36 MySQL Community Server (GPL)

Copyright (c) 2000, 2021, Oracle and/or its affiliates.

Oracle is a registered trademark of Oracle Corporation and/or its
affiliates. Other names may be trademarks of their respective
owners.


mysql> exit
Bye
PS C:\Users\Madhuri\Downloads\getting-started-master\getting-started-master\app> docker run -dp 3000:3000 `
>>    -w /app -v "$(pwd):/app" `
>>    --network todo-app `
>>    -e MYSQL_HOST=mysql `
>>    -e MYSQL_USER=root `
>>    -e MYSQL_PASSWORD=secret `
>>    -e MYSQL_DB=todos `
>>    node:12-alpine `
22c6b063ab2c413b2fee047860abc5ad4e71155110a49c9c435b52ed212c7881
docker: Error response from daemon: driver failed programming external connectivity on endpoint practical_wu (a7abeaad7abd8cf9852d8dc30737347b137d7e8df9dfbc6eac84ec70ad70a522): Bind for 0.0.0.0:3000 failed: port is already allocated.
PS C:\Users\Madhuri\Downloads\getting-started-master\getting-started-master\app> docker run -dp 3001:3000 `
>>    -w /app -v "$(pwd):/app" `
>>    --network todo-app `
>>    -e MYSQL_HOST=mysql `
>>    -e MYSQL_USER=root `
>>    -e MYSQL_PASSWORD=secret `
>>    -e MYSQL_DB=todos `
>>    node:12-alpine `
>>    sh -c "yarn install && yarn run dev"
0fbc8ccdef4aea5648b00d392e0f6a337525149fec66b374bb84e4b7cb416408
PS C:\Users\Madhuri\Downloads\getting-started-master\getting-started-master\app> docker exec -it a1c314d442c1  mysql -p todos
Enter password: 
Reading table information for completion of table and column names
You can turn off this feature to get a quicker startup with -A    

Welcome to the MySQL monitor.  Commands end with ; or \g.
Your MySQL connection id is 4
Server version: 5.7.36 MySQL Community Server (GPL)

Copyright (c) 2000, 2021, Oracle and/or its affiliates.

Oracle is a registered trademark of Oracle Corporation and/or its
affiliates. Other names may be trademarks of their respective
owners.

Type 'help;' or '\h' for help. Type '\c' to clear the current input statement.

mysql> select * from todo_items;
+--------------------------------------+------+-----------+
| id                                   | name | completed |
+--------------------------------------+------+-----------+
| b631b565-ec1b-4578-94cf-3b4980af5c7c | 12   |         1 |
| c1b15247-4b06-4bdc-808e-d36282af7eb0 | 13   |         0 |
| ebec5aa1-8a74-47ef-886d-62a18e74d732 | 14   |         1 |
| 3eac18ac-5925-4dd2-9c08-0e513cf3a5c0 | 15   |         0 |
| 0950a476-ec09-4111-a96f-a0fdf7547249 | 46   |         1 |
| cfeb8ff1-3b88-4120-885c-cf85f7118862 | 78   |         0 |
+--------------------------------------+------+-----------+
7 rows in set (0.02 sec)

Bye
PS C:\Users\Madhuri\Downloads\getting-started-master\getting-started-master\app> docker compose version
PS C:\Users\Madhuri\Downloads\getting-started-master\getting-started-master\app> docker run -dp 3003:3000 `
>>   -w /app -v "$(pwd):/app" `
>>   --network todo-app `
>>   -e MYSQL_HOST=mysql `
>>   -e MYSQL_USER=root `
>>   -e MYSQL_PASSWORD=secret `
>>   -e MYSQL_DB=todos `
>>   node:12-alpine `
>>   sh -c "yarn install && yarn run dev"
4df28dbeea98dc0db1c911f050896911b82d9187d4f2f2eefbc7cdfb860fdbe1
PS C:\Users\Madhuri\Downloads\getting-started-master\getting-started-master\app> ^C
PS C:\Users\Madhuri\Downloads\getting-started-master\getting-started-master\app> docker-compose up -d
services.app.volumes must be a list
PS C:\Users\Madhuri\Downloads\getting-started-master\getting-started-master\app> docker run -d `                                     
>> --network todo-app --network-alias mysql `
>> -v todo-mysql-data:/var/lib/mysql `
>> -e MYSQL_ROOT_PASSWORD=secret `
>> -e MYSQL_DATABASE=todos `
0cd9a4576ba0e1a7fe5f7594094c3d4bce77bca6f56c582adc2beb429ecdbf57
PS C:\Users\Madhuri\Downloads\getting-started-master\getting-started-master\app> docker-compose up -d
services.app.volumes must be a list
PS C:\Users\Madhuri\Downloads\getting-started-master\getting-started-master\app> docker run -dp 3003:3000 `
>>   -w /app -v "$(pwd):/app" `
>>   --network todo-app `
>>   -e MYSQL_HOST=mysql `
>>   -e MYSQL_USER=root `
>>   -e MYSQL_PASSWORD=secret `
>>   -e MYSQL_DB=todos `
>>   node:12-alpine `
faab92b6ce09d08b1eda33185ea5dc94767e3b38d251a248e3c204db9d40c7f7
docker: Error response from daemon: driver failed programming external connectivity on endpoint exciting_carson (d93d946426a62439f57b35883b81126eaa05898041a15126f64cefddac6e618a): Bind for 0.0.0.0:3003 failed: port is already allocated.
PS C:\Users\Madhuri\Downloads\getting-started-master\getting-started-master\app> docker run -dp 3004:3000 `
>>   -w /app -v "$(pwd):/app" `
>>   --network todo2-app `
>>   -e MYSQL_HOST=mysql `
>>   -e MYSQL_USER=root `
>>   -e MYSQL_PASSWORD=secret `
>>   -e MYSQL_DB=todos `
>>   node:12-alpine `
>>   sh -c "yarn install && yarn run dev"
69f51f1fd0fd72e58ea7121162c5565a48c5afb41530062a948369a7b1063ef4
PS C:\Users\Madhuri\Downloads\getting-started-master\getting-started-master\app> docker run -d `           
>> --network todo2-app --network-alias mysql `
>> -v todo-mysql-data:/var/lib/mysql `
>> -e MYSQL_ROOT_PASSWORD=secret `
>> -e MYSQL_DATABASE=todos `
>> mysql:5.7
2a07665565aa0a2896cd0eb99ba0b959314bb1a750c017af17dd57095d99787d
PS C:\Users\Madhuri\Downloads\getting-started-master\getting-started-master\app> docker-compose up -d
services.app.volumes must be a list
PS C:\Users\Madhuri\Downloads\getting-started-master\getting-started-master\app>

